
 Start         Length     Name                   Class
 0001:00000000 00121550H .text                   CODE
 0002:00000000 00004F84H .data                   DATA
 0002:00004F84 000011ADH .bss                    BSS


Detailed map of segments

 0001:00000000 00005BFB C=CODE     S=.text    G=(none)   M=System   ACBP=A9
 0001:00005BFC 00000140 C=CODE     S=.text    G=(none)   M=SysInit  ACBP=A9
 0001:00005D3C 00000090 C=CODE     S=.text    G=(none)   M=Types    ACBP=A9
 0001:00005DCC 00000E80 C=CODE     S=.text    G=(none)   M=Windows  ACBP=A9
 0001:00006C4C 00000038 C=CODE     S=.text    G=(none)   M=Messages ACBP=A9
 0001:00006C84 00000388 C=CODE     S=.text    G=(none)   M=SysConst ACBP=A9
 0001:0000700C 00007840 C=CODE     S=.text    G=(none)   M=SysUtils ACBP=A9
 0001:0000E84C 00000823 C=CODE     S=.text    G=(none)   M=VarUtils ACBP=A9
 0001:0000F070 0000944A C=CODE     S=.text    G=(none)   M=Variants ACBP=A9
 0001:000184BC 00000178 C=CODE     S=.text    G=(none)   M=RTLConsts ACBP=A9
 0001:00018634 0000192C C=CODE     S=.text    G=(none)   M=TypInfo  ACBP=A9
 0001:00019F60 00000128 C=CODE     S=.text    G=(none)   M=ActiveX  ACBP=A9
 0001:0001A088 0000DE96 C=CODE     S=.text    G=(none)   M=Classes  ACBP=A9
 0001:00027F20 00000338 C=CODE     S=.text    G=(none)   M=Consts   ACBP=A9
 0001:00028258 0000988B C=CODE     S=.text    G=(none)   M=Graphics ACBP=A9
 0001:00031AE4 000000C0 C=CODE     S=.text    G=(none)   M=Math     ACBP=A9
 0001:00031BA4 0000037C C=CODE     S=.text    G=(none)   M=Contnrs  ACBP=A9
 0001:00031F20 0000024C C=CODE     S=.text    G=(none)   M=CommCtrl ACBP=A9
 0001:0003216C 00000787 C=CODE     S=.text    G=(none)   M=MultiMon ACBP=A9
 0001:000328F4 00000038 C=CODE     S=.text    G=(none)   M=Imm      ACBP=A9
 0001:0003292C 00000FF8 C=CODE     S=.text    G=(none)   M=HelpIntfs ACBP=A9
 0001:00033924 00000038 C=CODE     S=.text    G=(none)   M=WinSpool ACBP=A9
 0001:0003395C 00000044 C=CODE     S=.text    G=(none)   M=Printers ACBP=A9
 0001:000339A0 0000031F C=CODE     S=.text    G=(none)   M=FlatSB   ACBP=A9
 0001:00033CC0 000001A4 C=CODE     S=.text    G=(none)   M=SyncObjs ACBP=A9
 0001:00033E64 000009BB C=CODE     S=.text    G=(none)   M=UxTheme  ACBP=A9
 0001:00034820 00000038 C=CODE     S=.text    G=(none)   M=RichEdit ACBP=A9
 0001:00034858 00000038 C=CODE     S=.text    G=(none)   M=ToolWin  ACBP=A9
 0001:00034890 00000038 C=CODE     S=.text    G=(none)   M=ShellAPI ACBP=A9
 0001:000348C8 00000038 C=CODE     S=.text    G=(none)   M=RegStr   ACBP=A9
 0001:00034900 00000038 C=CODE     S=.text    G=(none)   M=WinInet  ACBP=A9
 0001:00034938 00000038 C=CODE     S=.text    G=(none)   M=UrlMon   ACBP=A9
 0001:00034970 00000038 C=CODE     S=.text    G=(none)   M=ShlObj   ACBP=A9
 0001:000349A8 00000038 C=CODE     S=.text    G=(none)   M=CommDlg  ACBP=A9
 0001:000349E0 00000038 C=CODE     S=.text    G=(none)   M=Dlgs     ACBP=A9
 0001:00034A18 0000132D C=CODE     S=.text    G=(none)   M=Dialogs  ACBP=A9
 0001:00035D48 0000417A C=CODE     S=.text    G=(none)   M=ExtCtrls ACBP=A9
 0001:00039EC4 000000B8 C=CODE     S=.text    G=(none)   M=ComStrs  ACBP=A9
 0001:00039F7C 0000069C C=CODE     S=.text    G=(none)   M=Clipbrd  ACBP=A9
 0001:0003A618 00000038 C=CODE     S=.text    G=(none)   M=StrUtils ACBP=A9
 0001:0003A650 00003821 C=CODE     S=.text    G=(none)   M=Buttons  ACBP=A9
 0001:0003DE74 00000038 C=CODE     S=.text    G=(none)   M=ExtDlgs  ACBP=A9
 0001:0003DEAC 00000068 C=CODE     S=.text    G=(none)   M=IniFiles ACBP=A9
 0001:0003DF14 00000068 C=CODE     S=.text    G=(none)   M=Registry ACBP=A9
 0001:0003DF7C 0000006C C=CODE     S=.text    G=(none)   M=Mapi     ACBP=A9
 0001:0003DFE8 00000058 C=CODE     S=.text    G=(none)   M=ExtActns ACBP=A9
 0001:0003E040 00000038 C=CODE     S=.text    G=(none)   M=ListActns ACBP=A9
 0001:0003E078 00006EC8 C=CODE     S=.text    G=(none)   M=ComCtrls ACBP=A9
 0001:00044F40 00000E7C C=CODE     S=.text    G=(none)   M=Themes   ACBP=A9
 0001:00045DBC 00008B50 C=CODE     S=.text    G=(none)   M=StdCtrls ACBP=A9
 0001:0004E90C 00000168 C=CODE     S=.text    G=(none)   M=StdActns ACBP=A9
 0001:0004EA74 00000D1F C=CODE     S=.text    G=(none)   M=WinHelpViewer ACBP=A9
 0001:0004F794 00011467 C=CODE     S=.text    G=(none)   M=Controls ACBP=A9
 0001:00060BFC 00001292 C=CODE     S=.text    G=(none)   M=ActnList ACBP=A9
 0001:00061E90 00001B9C C=CODE     S=.text    G=(none)   M=ImgList  ACBP=A9
 0001:00063A2C 00006639 C=CODE     S=.text    G=(none)   M=Menus    ACBP=A9
 0001:0006A068 0000C4B0 C=CODE     S=.text    G=(none)   M=Forms    ACBP=A9
 0001:00076518 00000A60 C=CODE     S=.text    G=(none)   M=MaskUtils ACBP=A9
 0001:00076F78 000029E8 C=CODE     S=.text    G=(none)   M=Mask     ACBP=A9
 0001:00079960 0000A9D4 C=CODE     S=.text    G=(none)   M=Grids    ACBP=A9
 0001:00084334 00000130 C=CODE     S=.text    G=(none)   M=DateUtils ACBP=A9
 0001:00084464 00000280 C=CODE     S=.text    G=(none)   M=DBConsts ACBP=A9
 0001:000846E4 00000F73 C=CODE     S=.text    G=(none)   M=SqlTimSt ACBP=A9
 0001:00085658 00004AFB C=CODE     S=.text    G=(none)   M=FMTBcd   ACBP=A9
 0001:0008A154 00000060 C=CODE     S=.text    G=(none)   M=ComConst ACBP=A9
 0001:0008A1B4 00001259 C=CODE     S=.text    G=(none)   M=ComObj   ACBP=A9
 0001:0008B410 00015B8C C=CODE     S=.text    G=(none)   M=DB       ACBP=A9
 0001:000A0F9C 000000B8 C=CODE     S=.text    G=(none)   M=VDBConsts ACBP=A9
 0001:000A1054 00000728 C=CODE     S=.text    G=(none)   M=DBLogDlg ACBP=A9
 0001:000A177C 00000531 C=CODE     S=.text    G=(none)   M=DBPWDlg  ACBP=A9
 0001:000A1CB0 000093BC C=CODE     S=.text    G=(none)   M=DBCtrls  ACBP=A9
 0001:000AB06C 00008D28 C=CODE     S=.text    G=(none)   M=DBGrids  ACBP=A9
 0001:000B3D94 00000050 C=CODE     S=.text    G=(none)   M=JConsts  ACBP=A9
 0001:000B3DE4 000133EC C=CODE     S=.text    G=(none)   M=jpeg     ACBP=A9
 0001:000C71D0 000000EB C=CODE     S=.text    G=(none)   M=common   ACBP=A9
 0001:000C72BC 0000435C C=CODE     S=.text    G=(none)   M=DBCommon ACBP=A9
 0001:000CB618 00003D04 C=CODE     S=.text    G=(none)   M=BDE      ACBP=A9
 0001:000CF31C 00000068 C=CODE     S=.text    G=(none)   M=SMINTF   ACBP=A9
 0001:000CF384 00000118 C=CODE     S=.text    G=(none)   M=bdeconst ACBP=A9
 0001:000CF49C 000106C4 C=CODE     S=.text    G=(none)   M=DBTables ACBP=A9
 0001:000DFB60 00000770 C=CODE     S=.text    G=(none)   M=DM       ACBP=A9
 0001:000E02D0 000002B8 C=CODE     S=.text    G=(none)   M=newcompany ACBP=A9
 0001:000E0588 0000037C C=CODE     S=.text    G=(none)   M=newprof  ACBP=A9
 0001:000E0904 000003C8 C=CODE     S=.text    G=(none)   M=newcex   ACBP=A9
 0001:000E0CCC 00000DF4 C=CODE     S=.text    G=(none)   M=testMemoryVision ACBP=A9
 0001:000E1AC0 00000D2C C=CODE     S=.text    G=(none)   M=testMemoryVisionTren ACBP=A9
 0001:000E27EC 00000374 C=CODE     S=.text    G=(none)   M=testMemoryVisionNach ACBP=A9
 0001:000E2B60 00000060 C=CODE     S=.text    G=(none)   M=MMSystem ACBP=A9
 0001:000E2BC0 00002A94 C=CODE     S=.text    G=(none)   M=MPlayer  ACBP=A9
 0001:000E5654 00000E94 C=CODE     S=.text    G=(none)   M=testMemoryAudi ACBP=A9
 0001:000E64E8 00000DD4 C=CODE     S=.text    G=(none)   M=testMemoryAudiTren ACBP=A9
 0001:000E72BC 00000370 C=CODE     S=.text    G=(none)   M=testMemoryAudiNach ACBP=A9
 0001:000E762C 00001334 C=CODE     S=.text    G=(none)   M=testChulte ACBP=A9
 0001:000E8960 00000380 C=CODE     S=.text    G=(none)   M=testChulteNach ACBP=A9
 0001:000E8CE0 00000D68 C=CODE     S=.text    G=(none)   M=testEmotional ACBP=A9
 0001:000E9A48 00000334 C=CODE     S=.text    G=(none)   M=testEmotionalNach ACBP=A9
 0001:000E9D7C 00001BFC C=CODE     S=.text    G=(none)   M=Spin     ACBP=A9
 0001:000EB978 0000124F C=CODE     S=.text    G=(none)   M=config   ACBP=A9
 0001:000ECBC8 00000EFC C=CODE     S=.text    G=(none)   M=test_ZMRp ACBP=A9
 0001:000EDAC4 000010DC C=CODE     S=.text    G=(none)   M=test_ZMRd ACBP=A9
 0001:000EEBA0 00000B44 C=CODE     S=.text    G=(none)   M=test_ear ACBP=A9
 0001:000EF6E4 0000107C C=CODE     S=.text    G=(none)   M=testR3   ACBP=A9
 0001:000F0760 00001230 C=CODE     S=.text    G=(none)   M=testVn   ACBP=A9
 0001:000F1990 00001FF4 C=CODE     S=.text    G=(none)   M=clients  ACBP=A9
 0001:000F3984 00000354 C=CODE     S=.text    G=(none)   M=profesion ACBP=A9
 0001:000F3CD8 00000038 C=CODE     S=.text    G=(none)   M=DBXpress ACBP=A9
 0001:000F3D10 00000190 C=CODE     S=.text    G=(none)   M=SqlConst ACBP=A9
 0001:000F3EA0 00000038 C=CODE     S=.text    G=(none)   M=DBConnAdmin ACBP=A9
 0001:000F3ED8 00000038 C=CODE     S=.text    G=(none)   M=SqlExpr  ACBP=A9
 0001:000F3F10 00000038 C=CODE     S=.text    G=(none)   M=Masks    ACBP=A9
 0001:000F3F48 00000058 C=CODE     S=.text    G=(none)   M=WebConst ACBP=A9
 0001:000F3FA0 00000038 C=CODE     S=.text    G=(none)   M=BrkrConst ACBP=A9
 0001:000F3FD8 00000EEC C=CODE     S=.text    G=(none)   M=HTTPApp  ACBP=A9
 0001:000F4EC4 00000630 C=CODE     S=.text    G=(none)   M=CopyPrsr ACBP=A9
 0001:000F54F4 00000920 C=CODE     S=.text    G=(none)   M=HTTPProd ACBP=A9
 0001:000F5E14 00000040 C=CODE     S=.text    G=(none)   M=WbmConst ACBP=A9
 0001:000F5E54 00000228 C=CODE     S=.text    G=(none)   M=WebCntxt ACBP=A9
 0001:000F607C 00001854 C=CODE     S=.text    G=(none)   M=WebComp  ACBP=A9
 0001:000F78D0 00000DF8 C=CODE     S=.text    G=(none)   M=WebContnrs ACBP=A9
 0001:000F86C8 000007C5 C=CODE     S=.text    G=(none)   M=SiteComp ACBP=A9
 0001:000F8E90 00000FD8 C=CODE     S=.text    G=(none)   M=ObjAuto  ACBP=A9
 0001:000F9E68 000007AC C=CODE     S=.text    G=(none)   M=ObjComAuto ACBP=A9
 0001:000FA614 00000118 C=CODE     S=.text    G=(none)   M=SiteConst ACBP=A9
 0001:000FA72C 00000038 C=CODE     S=.text    G=(none)   M=StdVCL   ACBP=A9
 0001:000FA764 00000038 C=CODE     S=.text    G=(none)   M=AscrLib  ACBP=A9
 0001:000FA79C 00000038 C=CODE     S=.text    G=(none)   M=AutoAdap ACBP=A9
 0001:000FA7D4 000001EC C=CODE     S=.text    G=(none)   M=WebAuto  ACBP=A9
 0001:000FA9C0 00000583 C=CODE     S=.text    G=(none)   M=AutoAdapAS ACBP=A9
 0001:000FAF44 000011E3 C=CODE     S=.text    G=(none)   M=WebScriptAS ACBP=A9
 0001:000FC128 000007BC C=CODE     S=.text    G=(none)   M=SessColn ACBP=A9
 0001:000FC8E4 00000038 C=CODE     S=.text    G=(none)   M=WebSess  ACBP=A9
 0001:000FC91C 00002918 C=CODE     S=.text    G=(none)   M=WebDisp  ACBP=A9
 0001:000FF234 00006F3C C=CODE     S=.text    G=(none)   M=WebSnapObjs ACBP=A9
 0001:00106170 000039BC C=CODE     S=.text    G=(none)   M=WebScript ACBP=A9
 0001:00109B2C 00002E84 C=CODE     S=.text    G=(none)   M=AdaptReq ACBP=A9
 0001:0010C9B0 00000038 C=CODE     S=.text    G=(none)   M=MidConst ACBP=A9
 0001:0010C9E8 00000064 C=CODE     S=.text    G=(none)   M=DSIntf   ACBP=A9
 0001:0010CA4C 00000038 C=CODE     S=.text    G=(none)   M=Midas    ACBP=A9
 0001:0010CA84 00000038 C=CODE     S=.text    G=(none)   M=DataBkr  ACBP=A9
 0001:0010CABC 00000138 C=CODE     S=.text    G=(none)   M=Provider ACBP=A9
 0001:0010CBF4 00000038 C=CODE     S=.text    G=(none)   M=DBClient ACBP=A9
 0001:0010CC2C 00000038 C=CODE     S=.text    G=(none)   M=AutoDisp ACBP=A9
 0001:0010CC64 00000090 C=CODE     S=.text    G=(none)   M=DBWeb    ACBP=A9
 0001:0010CCF4 00000038 C=CODE     S=.text    G=(none)   M=XMLBrokr ACBP=A9
 0001:0010CD2C 00000038 C=CODE     S=.text    G=(none)   M=CompProd ACBP=A9
 0001:0010CD64 00000038 C=CODE     S=.text    G=(none)   M=PagItems ACBP=A9
 0001:0010CD9C 00000038 C=CODE     S=.text    G=(none)   M=MidComp  ACBP=A9
 0001:0010CDD4 00000038 C=CODE     S=.text    G=(none)   M=ScrptMgr ACBP=A9
 0001:0010CE0C 00000038 C=CODE     S=.text    G=(none)   M=MidProd  ACBP=A9
 0001:0010CE44 00000203 C=CODE     S=.text    G=(none)   M=MidItems ACBP=A9
 0001:0010D048 00008544 C=CODE     S=.text    G=(none)   M=WebAdapt ACBP=A9
 0001:0011558C 00000090 C=CODE     S=.text    G=(none)   M=DBAdapt  ACBP=A9
 0001:0011561C 00000348 C=CODE     S=.text    G=(none)   M=city     ACBP=A9
 0001:00115964 00000388 C=CODE     S=.text    G=(none)   M=vvod     ACBP=A9
 0001:00115CEC 00000744 C=CODE     S=.text    G=(none)   M=sprav_clients ACBP=A9
 0001:00116430 00000508 C=CODE     S=.text    G=(none)   M=company  ACBP=A9
 0001:00116938 00000450 C=CODE     S=.text    G=(none)   M=work     ACBP=A9
 0001:00116D88 000004DC C=CODE     S=.text    G=(none)   M=cex      ACBP=A9
 0001:00117264 00000038 C=CODE     S=.text    G=(none)   M=dbcgrids ACBP=A9
 0001:0011729C 00001793 C=CODE     S=.text    G=(none)   M=CheckLst ACBP=A9
 0001:00118A30 00002924 C=CODE     S=.text    G=(none)   M=getComp  ACBP=A9
 0001:0011B354 00000460 C=CODE     S=.text    G=(none)   M=testing  ACBP=A9
 0001:0011B7B4 00000038 C=CODE     S=.text    G=(none)   M=Office97 ACBP=A9
 0001:0011B7EC 00000040 C=CODE     S=.text    G=(none)   M=OleConst ACBP=A9
 0001:0011B82C 00000916 C=CODE     S=.text    G=(none)   M=OleServer ACBP=A9
 0001:0011C144 00000038 C=CODE     S=.text    G=(none)   M=VBIDE97  ACBP=A9
 0001:0011C17C 00000038 C=CODE     S=.text    G=(none)   M=Word97   ACBP=A9
 0001:0011C1B4 00000038 C=CODE     S=.text    G=(none)   M=OfficeXP ACBP=A9
 0001:0011C1EC 00000038 C=CODE     S=.text    G=(none)   M=VBIDEXP  ACBP=A9
 0001:0011C224 00001BDC C=CODE     S=.text    G=(none)   M=WordXP   ACBP=A9
 0001:0011DE00 000021D0 C=CODE     S=.text    G=(none)   M=print    ACBP=A9
 0001:0011FFD0 00000E60 C=CODE     S=.text    G=(none)   M=mainForm ACBP=A9
 0001:00120E30 0000071E C=CODE     S=.text    G=(none)   M=medicalTest ACBP=A9
 0002:00000000 000000C4 C=DATA     S=.data    G=DGROUP   M=System   ACBP=A9
 0002:000000C4 00000020 C=DATA     S=.data    G=DGROUP   M=SysInit  ACBP=A9
 0002:000000E4 00000274 C=DATA     S=.data    G=DGROUP   M=SysUtils ACBP=A9
 0002:00000358 00000110 C=DATA     S=.data    G=DGROUP   M=VarUtils ACBP=A9
 0002:00000468 000001B6 C=DATA     S=.data    G=DGROUP   M=Variants ACBP=A9
 0002:00000620 0000000C C=DATA     S=.data    G=DGROUP   M=TypInfo  ACBP=A9
 0002:0000062C 00000010 C=DATA     S=.data    G=DGROUP   M=ActiveX  ACBP=A9
 0002:0000063C 00000064 C=DATA     S=.data    G=DGROUP   M=Classes  ACBP=A9
 0002:000006A0 0000030C C=DATA     S=.data    G=DGROUP   M=Graphics ACBP=A9
 0002:000009AC 00000004 C=DATA     S=.data    G=DGROUP   M=Printers ACBP=A9
 0002:000009B0 000000B4 C=DATA     S=.data    G=DGROUP   M=Dialogs  ACBP=A9
 0002:00000A64 0000018C C=DATA     S=.data    G=DGROUP   M=ExtCtrls ACBP=A9
 0002:00000BF0 0000009E C=DATA     S=.data    G=DGROUP   M=Buttons  ACBP=A9
 0002:00000C90 00000008 C=DATA     S=.data    G=DGROUP   M=IniFiles ACBP=A9
 0002:00000C98 00000008 C=DATA     S=.data    G=DGROUP   M=Registry ACBP=A9
 0002:00000CA0 00000008 C=DATA     S=.data    G=DGROUP   M=Mapi     ACBP=A9
 0002:00000CA8 000000D0 C=DATA     S=.data    G=DGROUP   M=ComCtrls ACBP=A9
 0002:00000D78 00000068 C=DATA     S=.data    G=DGROUP   M=Themes   ACBP=A9
 0002:00000DE0 000000E4 C=DATA     S=.data    G=DGROUP   M=StdCtrls ACBP=A9
 0002:00000EC4 0000013C C=DATA     S=.data    G=DGROUP   M=Controls ACBP=A9
 0002:00001000 00000020 C=DATA     S=.data    G=DGROUP   M=ImgList  ACBP=A9
 0002:00001020 000000EC C=DATA     S=.data    G=DGROUP   M=Menus    ACBP=A9
 0002:0000110C 0000011C C=DATA     S=.data    G=DGROUP   M=Forms    ACBP=A9
 0002:00001228 00000009 C=DATA     S=.data    G=DGROUP   M=MaskUtils ACBP=A9
 0002:00001234 00000004 C=DATA     S=.data    G=DGROUP   M=Mask     ACBP=A9
 0002:00001238 00000006 C=DATA     S=.data    G=DGROUP   M=Grids    ACBP=A9
 0002:00001240 0000003C C=DATA     S=.data    G=DGROUP   M=SqlTimSt ACBP=A9
 0002:0000127C 00000065 C=DATA     S=.data    G=DGROUP   M=FMTBcd   ACBP=A9
 0002:000012E4 00000030 C=DATA     S=.data    G=DGROUP   M=ComObj   ACBP=A9
 0002:00001314 0000021E C=DATA     S=.data    G=DGROUP   M=DB       ACBP=A9
 0002:00001534 0000006C C=DATA     S=.data    G=DGROUP   M=DBCtrls  ACBP=A9
 0002:000015A0 00000028 C=DATA     S=.data    G=DGROUP   M=DBGrids  ACBP=A9
 0002:000015C8 00000908 C=DATA     S=.data    G=DGROUP   M=jpeg     ACBP=A9
 0002:00001ED0 0000001C C=DATA     S=.data    G=DGROUP   M=DBCommon ACBP=A9
 0002:00001EEC 00000C50 C=DATA     S=.data    G=DGROUP   M=BDE      ACBP=A9
 0002:00002B3C 00000010 C=DATA     S=.data    G=DGROUP   M=SMINTF   ACBP=A9
 0002:00002B4C 00000128 C=DATA     S=.data    G=DGROUP   M=DBTables ACBP=A9
 0002:00002C74 00000170 C=DATA     S=.data    G=DGROUP   M=testMemoryVision ACBP=A9
 0002:00002DE4 000000BC C=DATA     S=.data    G=DGROUP   M=testMemoryVisionTren ACBP=A9
 0002:00002EA0 00000064 C=DATA     S=.data    G=DGROUP   M=MPlayer  ACBP=A9
 0002:00002F04 00000194 C=DATA     S=.data    G=DGROUP   M=testMemoryAudi ACBP=A9
 0002:00003098 000000BC C=DATA     S=.data    G=DGROUP   M=testMemoryAudiTren ACBP=A9
 0002:00003154 0000000A C=DATA     S=.data    G=DGROUP   M=testChulte ACBP=A9
 0002:00003160 00000CAC C=DATA     S=.data    G=DGROUP   M=testEmotional ACBP=A9
 0002:00003E0C 00000050 C=DATA     S=.data    G=DGROUP   M=SqlConst ACBP=A9
 0002:00003E5C 0000004C C=DATA     S=.data    G=DGROUP   M=HTTPApp  ACBP=A9
 0002:00003EA8 00000048 C=DATA     S=.data    G=DGROUP   M=HTTPProd ACBP=A9
 0002:00003EF0 00000004 C=DATA     S=.data    G=DGROUP   M=WebCntxt ACBP=A9
 0002:00003EF4 00000004 C=DATA     S=.data    G=DGROUP   M=WebComp  ACBP=A9
 0002:00003EF8 00000068 C=DATA     S=.data    G=DGROUP   M=SiteComp ACBP=A9
 0002:00003F60 000001B9 C=DATA     S=.data    G=DGROUP   M=ObjAuto  ACBP=A9
 0002:0000411C 00000404 C=DATA     S=.data    G=DGROUP   M=WebSnapObjs ACBP=A9
 0002:00004520 00000028 C=DATA     S=.data    G=DGROUP   M=WebScript ACBP=A9
 0002:00004548 00000004 C=DATA     S=.data    G=DGROUP   M=DSIntf   ACBP=A9
 0002:0000454C 0000002C C=DATA     S=.data    G=DGROUP   M=Provider ACBP=A9
 0002:00004578 0000000C C=DATA     S=.data    G=DGROUP   M=DBWeb    ACBP=A9
 0002:00004584 00000038 C=DATA     S=.data    G=DGROUP   M=MidItems ACBP=A9
 0002:000045BC 00000010 C=DATA     S=.data    G=DGROUP   M=DBAdapt  ACBP=A9
 0002:000045CC 000000B4 C=DATA     S=.data    G=DGROUP   M=WordXP   ACBP=A9
 0002:00005000 00000664 C=BSS      S=.bss     G=DGROUP   M=System   ACBP=A9
 0002:00005664 00000010 C=BSS      S=.bss     G=DGROUP   M=SysInit  ACBP=A9
 0002:00005674 00000004 C=BSS      S=.bss     G=DGROUP   M=Types    ACBP=A9
 0002:00005678 00000004 C=BSS      S=.bss     G=DGROUP   M=Windows  ACBP=A9
 0002:0000567C 00000004 C=BSS      S=.bss     G=DGROUP   M=Messages ACBP=A9
 0002:00005680 00000004 C=BSS      S=.bss     G=DGROUP   M=SysConst ACBP=A9
 0002:00005684 00000120 C=BSS      S=.bss     G=DGROUP   M=SysUtils ACBP=A9
 0002:000057A4 0000005C C=BSS      S=.bss     G=DGROUP   M=VarUtils ACBP=A9
 0002:00005800 00000040 C=BSS      S=.bss     G=DGROUP   M=Variants ACBP=A9
 0002:00005840 00000004 C=BSS      S=.bss     G=DGROUP   M=RTLConsts ACBP=A9
 0002:00005844 00000004 C=BSS      S=.bss     G=DGROUP   M=TypInfo  ACBP=A9
 0002:00005848 00000004 C=BSS      S=.bss     G=DGROUP   M=ActiveX  ACBP=A9
 0002:0000584C 00000040 C=BSS      S=.bss     G=DGROUP   M=Classes  ACBP=A9
 0002:0000588C 00000004 C=BSS      S=.bss     G=DGROUP   M=Consts   ACBP=A9
 0002:00005890 00000060 C=BSS      S=.bss     G=DGROUP   M=Graphics ACBP=A9
 0002:000058F0 00000004 C=BSS      S=.bss     G=DGROUP   M=Math     ACBP=A9
 0002:000058F4 00000004 C=BSS      S=.bss     G=DGROUP   M=Contnrs  ACBP=A9
 0002:000058F8 0000000C C=BSS      S=.bss     G=DGROUP   M=CommCtrl ACBP=A9
 0002:00005904 00000031 C=BSS      S=.bss     G=DGROUP   M=MultiMon ACBP=A9
 0002:00005938 00000004 C=BSS      S=.bss     G=DGROUP   M=Imm      ACBP=A9
 0002:0000593C 00000008 C=BSS      S=.bss     G=DGROUP   M=HelpIntfs ACBP=A9
 0002:00005944 00000004 C=BSS      S=.bss     G=DGROUP   M=WinSpool ACBP=A9
 0002:00005948 00000004 C=BSS      S=.bss     G=DGROUP   M=Printers ACBP=A9
 0002:0000594C 00000034 C=BSS      S=.bss     G=DGROUP   M=FlatSB   ACBP=A9
 0002:00005980 00000004 C=BSS      S=.bss     G=DGROUP   M=SyncObjs ACBP=A9
 0002:00005984 000000CC C=BSS      S=.bss     G=DGROUP   M=UxTheme  ACBP=A9
 0002:00005A50 00000004 C=BSS      S=.bss     G=DGROUP   M=RichEdit ACBP=A9
 0002:00005A54 00000004 C=BSS      S=.bss     G=DGROUP   M=ToolWin  ACBP=A9
 0002:00005A58 00000004 C=BSS      S=.bss     G=DGROUP   M=ShellAPI ACBP=A9
 0002:00005A5C 00000004 C=BSS      S=.bss     G=DGROUP   M=RegStr   ACBP=A9
 0002:00005A60 00000004 C=BSS      S=.bss     G=DGROUP   M=WinInet  ACBP=A9
 0002:00005A64 00000004 C=BSS      S=.bss     G=DGROUP   M=UrlMon   ACBP=A9
 0002:00005A68 00000004 C=BSS      S=.bss     G=DGROUP   M=ShlObj   ACBP=A9
 0002:00005A6C 00000004 C=BSS      S=.bss     G=DGROUP   M=CommDlg  ACBP=A9
 0002:00005A70 00000004 C=BSS      S=.bss     G=DGROUP   M=Dlgs     ACBP=A9
 0002:00005A74 00000038 C=BSS      S=.bss     G=DGROUP   M=Dialogs  ACBP=A9
 0002:00005AAC 00000004 C=BSS      S=.bss     G=DGROUP   M=ExtCtrls ACBP=A9
 0002:00005AB0 00000004 C=BSS      S=.bss     G=DGROUP   M=ComStrs  ACBP=A9
 0002:00005AB4 0000000C C=BSS      S=.bss     G=DGROUP   M=Clipbrd  ACBP=A9
 0002:00005AC0 00000004 C=BSS      S=.bss     G=DGROUP   M=StrUtils ACBP=A9
 0002:00005AC4 00000030 C=BSS      S=.bss     G=DGROUP   M=Buttons  ACBP=A9
 0002:00005AF4 00000004 C=BSS      S=.bss     G=DGROUP   M=ExtDlgs  ACBP=A9
 0002:00005AF8 00000004 C=BSS      S=.bss     G=DGROUP   M=IniFiles ACBP=A9
 0002:00005AFC 00000004 C=BSS      S=.bss     G=DGROUP   M=Registry ACBP=A9
 0002:00005B00 00000004 C=BSS      S=.bss     G=DGROUP   M=Mapi     ACBP=A9
 0002:00005B04 00000009 C=BSS      S=.bss     G=DGROUP   M=ExtActns ACBP=A9
 0002:00005B10 00000004 C=BSS      S=.bss     G=DGROUP   M=ListActns ACBP=A9
 0002:00005B14 00000010 C=BSS      S=.bss     G=DGROUP   M=ComCtrls ACBP=A9
 0002:00005B24 00000008 C=BSS      S=.bss     G=DGROUP   M=Themes   ACBP=A9
 0002:00005B2C 00000004 C=BSS      S=.bss     G=DGROUP   M=StdCtrls ACBP=A9
 0002:00005B30 00000004 C=BSS      S=.bss     G=DGROUP   M=StdActns ACBP=A9
 0002:00005B34 00000014 C=BSS      S=.bss     G=DGROUP   M=WinHelpViewer ACBP=A9
 0002:00005B48 00000080 C=BSS      S=.bss     G=DGROUP   M=Controls ACBP=A9
 0002:00005BC8 00000004 C=BSS      S=.bss     G=DGROUP   M=ActnList ACBP=A9
 0002:00005BCC 0000000C C=BSS      S=.bss     G=DGROUP   M=ImgList  ACBP=A9
 0002:00005BD8 00000010 C=BSS      S=.bss     G=DGROUP   M=Menus    ACBP=A9
 0002:00005BE8 00000020 C=BSS      S=.bss     G=DGROUP   M=Forms    ACBP=A9
 0002:00005C08 00000004 C=BSS      S=.bss     G=DGROUP   M=MaskUtils ACBP=A9
 0002:00005C0C 00000004 C=BSS      S=.bss     G=DGROUP   M=Mask     ACBP=A9
 0002:00005C10 00000004 C=BSS      S=.bss     G=DGROUP   M=Grids    ACBP=A9
 0002:00005C14 00000004 C=BSS      S=.bss     G=DGROUP   M=DateUtils ACBP=A9
 0002:00005C18 00000004 C=BSS      S=.bss     G=DGROUP   M=DBConsts ACBP=A9
 0002:00005C1C 00000004 C=BSS      S=.bss     G=DGROUP   M=SqlTimSt ACBP=A9
 0002:00005C20 00000004 C=BSS      S=.bss     G=DGROUP   M=FMTBcd   ACBP=A9
 0002:00005C24 00000004 C=BSS      S=.bss     G=DGROUP   M=ComConst ACBP=A9
 0002:00005C28 00000011 C=BSS      S=.bss     G=DGROUP   M=ComObj   ACBP=A9
 0002:00005C3C 00000020 C=BSS      S=.bss     G=DGROUP   M=DB       ACBP=A9
 0002:00005C5C 00000004 C=BSS      S=.bss     G=DGROUP   M=VDBConsts ACBP=A9
 0002:00005C60 00000004 C=BSS      S=.bss     G=DGROUP   M=DBLogDlg ACBP=A9
 0002:00005C64 00000004 C=BSS      S=.bss     G=DGROUP   M=DBPWDlg  ACBP=A9
 0002:00005C68 00000004 C=BSS      S=.bss     G=DGROUP   M=DBCtrls  ACBP=A9
 0002:00005C6C 0000000C C=BSS      S=.bss     G=DGROUP   M=DBGrids  ACBP=A9
 0002:00005C78 00000004 C=BSS      S=.bss     G=DGROUP   M=JConsts  ACBP=A9
 0002:00005C7C 00000004 C=BSS      S=.bss     G=DGROUP   M=jpeg     ACBP=A9
 0002:00005C80 00000034 C=BSS      S=.bss     G=DGROUP   M=common   ACBP=A9
 0002:00005CB4 00000004 C=BSS      S=.bss     G=DGROUP   M=DBCommon ACBP=A9
 0002:00005CB8 0000001C C=BSS      S=.bss     G=DGROUP   M=BDE      ACBP=A9
 0002:00005CD4 00000004 C=BSS      S=.bss     G=DGROUP   M=SMINTF   ACBP=A9
 0002:00005CD8 00000004 C=BSS      S=.bss     G=DGROUP   M=bdeconst ACBP=A9
 0002:00005CDC 00000061 C=BSS      S=.bss     G=DGROUP   M=DBTables ACBP=A9
 0002:00005D40 00000008 C=BSS      S=.bss     G=DGROUP   M=DM       ACBP=A9
 0002:00005D48 00000008 C=BSS      S=.bss     G=DGROUP   M=newcompany ACBP=A9
 0002:00005D50 00000008 C=BSS      S=.bss     G=DGROUP   M=newprof  ACBP=A9
 0002:00005D58 00000008 C=BSS      S=.bss     G=DGROUP   M=newcex   ACBP=A9
 0002:00005D60 00000028 C=BSS      S=.bss     G=DGROUP   M=testMemoryVision ACBP=A9
 0002:00005D88 0000001C C=BSS      S=.bss     G=DGROUP   M=testMemoryVisionTren ACBP=A9
 0002:00005DA4 00000008 C=BSS      S=.bss     G=DGROUP   M=testMemoryVisionNach ACBP=A9
 0002:00005DAC 00000004 C=BSS      S=.bss     G=DGROUP   M=MMSystem ACBP=A9
 0002:00005DB0 00000004 C=BSS      S=.bss     G=DGROUP   M=MPlayer  ACBP=A9
 0002:00005DB4 00000028 C=BSS      S=.bss     G=DGROUP   M=testMemoryAudi ACBP=A9
 0002:00005DDC 0000001C C=BSS      S=.bss     G=DGROUP   M=testMemoryAudiTren ACBP=A9
 0002:00005DF8 00000008 C=BSS      S=.bss     G=DGROUP   M=testMemoryAudiNach ACBP=A9
 0002:00005E00 0000001C C=BSS      S=.bss     G=DGROUP   M=testChulte ACBP=A9
 0002:00005E1C 00000008 C=BSS      S=.bss     G=DGROUP   M=testChulteNach ACBP=A9
 0002:00005E24 00000060 C=BSS      S=.bss     G=DGROUP   M=testEmotional ACBP=A9
 0002:00005E84 00000008 C=BSS      S=.bss     G=DGROUP   M=testEmotionalNach ACBP=A9
 0002:00005E8C 00000004 C=BSS      S=.bss     G=DGROUP   M=Spin     ACBP=A9
 0002:00005E90 0000000A C=BSS      S=.bss     G=DGROUP   M=config   ACBP=A9
 0002:00005E9C 00000008 C=BSS      S=.bss     G=DGROUP   M=test_ZMRp ACBP=A9
 0002:00005EA4 00000008 C=BSS      S=.bss     G=DGROUP   M=test_ZMRd ACBP=A9
 0002:00005EAC 00000008 C=BSS      S=.bss     G=DGROUP   M=test_ear ACBP=A9
 0002:00005EB4 00000008 C=BSS      S=.bss     G=DGROUP   M=testR3   ACBP=A9
 0002:00005EBC 00000008 C=BSS      S=.bss     G=DGROUP   M=testVn   ACBP=A9
 0002:00005EC4 00000164 C=BSS      S=.bss     G=DGROUP   M=clients  ACBP=A9
 0002:00006028 00000008 C=BSS      S=.bss     G=DGROUP   M=profesion ACBP=A9
 0002:00006030 00000004 C=BSS      S=.bss     G=DGROUP   M=DBXpress ACBP=A9
 0002:00006034 00000004 C=BSS      S=.bss     G=DGROUP   M=SqlConst ACBP=A9
 0002:00006038 00000004 C=BSS      S=.bss     G=DGROUP   M=DBConnAdmin ACBP=A9
 0002:0000603C 00000004 C=BSS      S=.bss     G=DGROUP   M=SqlExpr  ACBP=A9
 0002:00006040 00000004 C=BSS      S=.bss     G=DGROUP   M=Masks    ACBP=A9
 0002:00006044 00000004 C=BSS      S=.bss     G=DGROUP   M=WebConst ACBP=A9
 0002:00006048 00000004 C=BSS      S=.bss     G=DGROUP   M=BrkrConst ACBP=A9
 0002:0000604C 00000008 C=BSS      S=.bss     G=DGROUP   M=HTTPApp  ACBP=A9
 0002:00006054 00000004 C=BSS      S=.bss     G=DGROUP   M=CopyPrsr ACBP=A9
 0002:00006058 00000004 C=BSS      S=.bss     G=DGROUP   M=HTTPProd ACBP=A9
 0002:0000605C 00000004 C=BSS      S=.bss     G=DGROUP   M=WbmConst ACBP=A9
 0002:00006060 0000000C C=BSS      S=.bss     G=DGROUP   M=WebCntxt ACBP=A9
 0002:0000606C 00000004 C=BSS      S=.bss     G=DGROUP   M=WebComp  ACBP=A9
 0002:00006070 00000004 C=BSS      S=.bss     G=DGROUP   M=WebContnrs ACBP=A9
 0002:00006074 00000004 C=BSS      S=.bss     G=DGROUP   M=SiteComp ACBP=A9
 0002:00006078 00000004 C=BSS      S=.bss     G=DGROUP   M=ObjAuto  ACBP=A9
 0002:0000607C 0000000C C=BSS      S=.bss     G=DGROUP   M=ObjComAuto ACBP=A9
 0002:00006088 00000004 C=BSS      S=.bss     G=DGROUP   M=SiteConst ACBP=A9
 0002:0000608C 00000004 C=BSS      S=.bss     G=DGROUP   M=StdVCL   ACBP=A9
 0002:00006090 00000004 C=BSS      S=.bss     G=DGROUP   M=AscrLib  ACBP=A9
 0002:00006094 00000004 C=BSS      S=.bss     G=DGROUP   M=AutoAdap ACBP=A9
 0002:00006098 00000004 C=BSS      S=.bss     G=DGROUP   M=WebAuto  ACBP=A9
 0002:0000609C 00000004 C=BSS      S=.bss     G=DGROUP   M=AutoAdapAS ACBP=A9
 0002:000060A0 0000000C C=BSS      S=.bss     G=DGROUP   M=WebScriptAS ACBP=A9
 0002:000060AC 00000008 C=BSS      S=.bss     G=DGROUP   M=SessColn ACBP=A9
 0002:000060B4 00000004 C=BSS      S=.bss     G=DGROUP   M=WebSess  ACBP=A9
 0002:000060B8 00000008 C=BSS      S=.bss     G=DGROUP   M=WebDisp  ACBP=A9
 0002:000060C0 00000004 C=BSS      S=.bss     G=DGROUP   M=WebSnapObjs ACBP=A9
 0002:000060C4 00000004 C=BSS      S=.bss     G=DGROUP   M=WebScript ACBP=A9
 0002:000060C8 00000004 C=BSS      S=.bss     G=DGROUP   M=AdaptReq ACBP=A9
 0002:000060CC 00000004 C=BSS      S=.bss     G=DGROUP   M=MidConst ACBP=A9
 0002:000060D0 0000001C C=BSS      S=.bss     G=DGROUP   M=DSIntf   ACBP=A9
 0002:000060EC 00000004 C=BSS      S=.bss     G=DGROUP   M=Midas    ACBP=A9
 0002:000060F0 00000004 C=BSS      S=.bss     G=DGROUP   M=DataBkr  ACBP=A9
 0002:000060F4 00000004 C=BSS      S=.bss     G=DGROUP   M=Provider ACBP=A9
 0002:000060F8 00000004 C=BSS      S=.bss     G=DGROUP   M=DBClient ACBP=A9
 0002:000060FC 00000004 C=BSS      S=.bss     G=DGROUP   M=AutoDisp ACBP=A9
 0002:00006100 00000004 C=BSS      S=.bss     G=DGROUP   M=DBWeb    ACBP=A9
 0002:00006104 00000004 C=BSS      S=.bss     G=DGROUP   M=XMLBrokr ACBP=A9
 0002:00006108 00000004 C=BSS      S=.bss     G=DGROUP   M=CompProd ACBP=A9
 0002:0000610C 00000004 C=BSS      S=.bss     G=DGROUP   M=PagItems ACBP=A9
 0002:00006110 00000004 C=BSS      S=.bss     G=DGROUP   M=MidComp  ACBP=A9
 0002:00006114 00000004 C=BSS      S=.bss     G=DGROUP   M=ScrptMgr ACBP=A9
 0002:00006118 00000004 C=BSS      S=.bss     G=DGROUP   M=MidProd  ACBP=A9
 0002:0000611C 00000008 C=BSS      S=.bss     G=DGROUP   M=MidItems ACBP=A9
 0002:00006124 00000004 C=BSS      S=.bss     G=DGROUP   M=WebAdapt ACBP=A9
 0002:00006128 00000004 C=BSS      S=.bss     G=DGROUP   M=DBAdapt  ACBP=A9
 0002:0000612C 00000008 C=BSS      S=.bss     G=DGROUP   M=city     ACBP=A9
 0002:00006134 00000008 C=BSS      S=.bss     G=DGROUP   M=vvod     ACBP=A9
 0002:0000613C 00000008 C=BSS      S=.bss     G=DGROUP   M=sprav_clients ACBP=A9
 0002:00006144 00000008 C=BSS      S=.bss     G=DGROUP   M=company  ACBP=A9
 0002:0000614C 00000008 C=BSS      S=.bss     G=DGROUP   M=work     ACBP=A9
 0002:00006154 00000008 C=BSS      S=.bss     G=DGROUP   M=cex      ACBP=A9
 0002:0000615C 00000004 C=BSS      S=.bss     G=DGROUP   M=dbcgrids ACBP=A9
 0002:00006160 0000000C C=BSS      S=.bss     G=DGROUP   M=CheckLst ACBP=A9
 0002:0000616C 00000008 C=BSS      S=.bss     G=DGROUP   M=getComp  ACBP=A9
 0002:00006174 00000008 C=BSS      S=.bss     G=DGROUP   M=testing  ACBP=A9
 0002:0000617C 00000004 C=BSS      S=.bss     G=DGROUP   M=Office97 ACBP=A9
 0002:00006180 00000004 C=BSS      S=.bss     G=DGROUP   M=OleConst ACBP=A9
 0002:00006184 00000004 C=BSS      S=.bss     G=DGROUP   M=OleServer ACBP=A9
 0002:00006188 00000004 C=BSS      S=.bss     G=DGROUP   M=VBIDE97  ACBP=A9
 0002:0000618C 00000004 C=BSS      S=.bss     G=DGROUP   M=Word97   ACBP=A9
 0002:00006190 00000004 C=BSS      S=.bss     G=DGROUP   M=OfficeXP ACBP=A9
 0002:00006194 00000004 C=BSS      S=.bss     G=DGROUP   M=VBIDEXP  ACBP=A9
 0002:00006198 00000004 C=BSS      S=.bss     G=DGROUP   M=WordXP   ACBP=A9
 0002:0000619C 00000008 C=BSS      S=.bss     G=DGROUP   M=print    ACBP=A9
 0002:000061A4 00000008 C=BSS      S=.bss     G=DGROUP   M=mainForm ACBP=A9

Bound resource files

c:\program files\borland\delphi7\Lib\Buttons.res
c:\program files\borland\delphi7\Lib\ExtDlgs.res
c:\program files\borland\delphi7\Lib\Controls.res
c:\program files\borland\delphi7\Lib\DBLogDlg.dfm
c:\program files\borland\delphi7\Lib\DBPWDlg.dfm
c:\program files\borland\delphi7\Lib\DBCtrls.res
c:\program files\borland\delphi7\Lib\DBGrids.res
DM.dfm
newcompany.dfm
newprof.dfm
newcex.dfm
testMemoryVision.dfm
testMemoryVisionTren.dfm
testMemoryVisionNach.dfm
c:\program files\borland\delphi7\Lib\MPlayer.res
testMemoryAudi.dfm
testMemoryAudiTren.dfm
testMemoryAudiNach.dfm
testChulte.dfm
testChulteNach.dfm
testEmotional.dfm
testEmotionalNach.dfm
c:\program files\borland\delphi7\Lib\SPIN.RES
config.dfm
test_ZMRp.dfm
test_ZMRd.dfm
test_ear.dfm
testR3.dfm
testVn.dfm
clients.dfm
profesion.dfm
city.dfm
vvod.dfm
sprav_clients.dfm
company.dfm
work.dfm
cex.dfm
getComp.dfm
testing.dfm
print.dfm
mainForm.dfm
medicalTest.res
medicalTest.drf


Program entry point at 0001:001213C8
